[2025-10-01 19:30:46] 🚀 Starting Live Dashboard Engagement System background execution
[2025-10-01 19:30:46] Specification: live-dashboard-engagement-system
[2025-10-01 19:30:46] Total Tasks: 50
[2025-10-01 19:30:46] Estimated Time: 4.0 hours
[2025-10-01 19:30:46] Expected Efficiency Gain: 97.3%
[2025-10-01 19:30:46] Acquired execution lock (PID: 71225)
[2025-10-01 19:30:46] Starting prelaunch validation
[2025-10-01 19:30:47] ✅ Prelaunch validation passed
[2025-10-01 19:30:47] Starting parallel execution
[2025-10-01 19:30:47] ❌ Execution failed
[2025-10-01 19:30:47] Cleaning up background execution
[2025-10-01 19:30:47] Released execution lock
[2025-10-01 19:31:58] 🚀 Starting Live Dashboard Engagement System background execution
[2025-10-01 19:31:58] Specification: live-dashboard-engagement-system
[2025-10-01 19:31:58] Total Tasks: 50
[2025-10-01 19:31:58] Estimated Time: 4.0 hours
[2025-10-01 19:31:58] Expected Efficiency Gain: 97.3%
[2025-10-01 19:31:58] Acquired execution lock (PID: 71649)
[2025-10-01 19:31:58] Starting prelaunch validation
[2025-10-01 19:31:58] ✅ Prelaunch validation passed
[2025-10-01 19:31:58] Starting parallel execution
[2025-10-01 19:31:58] ❌ Execution failed
[2025-10-01 19:31:58] Cleaning up background execution
[2025-10-01 19:31:58] Released execution lock
[2025-10-01 19:34:08] 🚀 Starting Live Dashboard Engagement System background execution
[2025-10-01 19:34:08] Specification: live-dashboard-engagement-system
[2025-10-01 19:34:08] Total Tasks: 50
[2025-10-01 19:34:08] Estimated Time: 4.0 hours
[2025-10-01 19:34:08] Expected Efficiency Gain: 97.3%
[2025-10-01 19:34:08] Acquired execution lock (PID: 74129)
[2025-10-01 19:34:08] Starting prelaunch validation
[2025-10-01 19:34:08] ✅ Prelaunch validation passed
[2025-10-01 19:34:08] Starting parallel execution
[2025-10-01 19:34:08] ❌ Execution failed
[2025-10-01 19:34:08] Cleaning up background execution
[2025-10-01 19:34:08] Released execution lock
[2025-10-01 19:34:38] 🚀 Starting Live Dashboard Engagement System background execution
[2025-10-01 19:34:38] Specification: live-dashboard-engagement-system
[2025-10-01 19:34:38] Total Tasks: 50
[2025-10-01 19:34:38] Estimated Time: 4.0 hours
[2025-10-01 19:34:38] Expected Efficiency Gain: 97.3%
[2025-10-01 19:34:39] Acquired execution lock (PID: 74918)
[2025-10-01 19:34:39] Starting prelaunch validation
[2025-10-01 19:34:39] ✅ Prelaunch validation passed
[2025-10-01 19:34:39] Starting parallel execution
[2025-10-01 19:34:39] ❌ Execution failed
[2025-10-01 19:34:39] Cleaning up background execution
[2025-10-01 19:34:39] Released execution lock
[2025-10-01 19:36:19] 🚀 Starting Live Dashboard Engagement System background execution
[2025-10-01 19:36:19] Specification: live-dashboard-engagement-system
[2025-10-01 19:36:19] Total Tasks: 50
[2025-10-01 19:36:19] Estimated Time: 4.0 hours
[2025-10-01 19:36:19] Expected Efficiency Gain: 97.3%
[2025-10-01 19:36:19] Acquired execution lock (PID: 77361)
[2025-10-01 19:36:19] Starting prelaunch validation
[2025-10-01 19:36:19] ✅ Prelaunch validation passed
[2025-10-01 19:36:19] Starting parallel execution
[2025-10-01 19:36:20] ❌ Execution failed
[2025-10-01 19:36:20] Cleaning up background execution
[2025-10-01 19:36:20] Released execution lock
[2025-10-01 19:39:03] 🚀 Starting Live Dashboard Engagement System background execution
[2025-10-01 19:39:03] Specification: live-dashboard-engagement-system
[2025-10-01 19:39:03] Total Tasks: 50
[2025-10-01 19:39:03] Estimated Time: 4.0 hours
[2025-10-01 19:39:03] Expected Efficiency Gain: 97.3%
[2025-10-01 19:39:03] Acquired execution lock (PID: 78595)
[2025-10-01 19:39:03] Starting prelaunch validation
[2025-10-01 19:39:04] ✅ Prelaunch validation passed
[2025-10-01 19:39:04] Starting parallel execution
[2025-10-01 19:39:04] ❌ Execution failed
[2025-10-01 19:39:04] Cleaning up background execution
[2025-10-01 19:39:04] Released execution lock
[2025-10-01 19:44:01] Cleaning up background execution
[2025-10-01 19:44:10] 🚀 Starting Live Dashboard Engagement System background execution
[2025-10-01 19:44:10] Specification: live-dashboard-engagement-system
[2025-10-01 19:44:10] Total Tasks: 50
[2025-10-01 19:44:10] Estimated Time: 4.0 hours
[2025-10-01 19:44:10] Expected Efficiency Gain: 97.3%
[2025-10-01 19:44:10] Acquired execution lock (PID: 82675)
[2025-10-01 19:44:10] Starting prelaunch validation
[2025-10-01 19:44:11] ✅ Prelaunch validation passed
[2025-10-01 19:44:11] Starting parallel execution
[2025-10-01 19:44:11] ❌ Execution failed
[2025-10-01 19:44:11] Cleaning up background execution
[2025-10-01 19:44:11] Released execution lock
[2025-10-01 19:44:21] Cleaning up background execution
[2025-10-01 19:45:58] Cleaning up background execution
[2025-10-01 19:47:06] 🚀 Starting Live Dashboard Engagement System background execution
[2025-10-01 19:47:06] Specification: live-dashboard-engagement-system
[2025-10-01 19:47:06] Total Tasks: 50
[2025-10-01 19:47:06] Estimated Time: 4.0 hours
[2025-10-01 19:47:06] Expected Efficiency Gain: 97.3%
[2025-10-01 19:47:06] Acquired execution lock (PID: 88139)
[2025-10-01 19:47:06] Starting prelaunch validation
[2025-10-01 19:47:06] ✅ Prelaunch validation passed
[2025-10-01 19:47:06] Starting parallel execution
[2025-10-01 19:47:06] ❌ Execution failed
[2025-10-01 19:47:06] Cleaning up background execution
[2025-10-01 19:47:06] Released execution lock
[2025-10-01 19:47:35] 🚀 Starting Live Dashboard Engagement System background execution
[2025-10-01 19:47:35] Specification: live-dashboard-engagement-system
[2025-10-01 19:47:35] Total Tasks: 50
[2025-10-01 19:47:35] Estimated Time: 4.0 hours
[2025-10-01 19:47:35] Expected Efficiency Gain: 97.3%
[2025-10-01 19:47:35] Acquired execution lock (PID: 90648)
[2025-10-01 19:47:35] Starting prelaunch validation
[2025-10-01 19:47:36] ✅ Prelaunch validation passed
[2025-10-01 19:47:36] Starting parallel execution
[2025-10-01 19:47:36] ❌ Execution failed
[2025-10-01 19:47:36] Cleaning up background execution
[2025-10-01 19:47:36] Released execution lock
[2025-10-01 21:00:18] 🚀 Starting Live Dashboard Engagement System background execution
[2025-10-01 21:00:18] Specification: live-dashboard-engagement-system
[2025-10-01 21:00:18] Total Tasks: 50
[2025-10-01 21:00:18] Estimated Time: 4.0 hours
[2025-10-01 21:00:18] Expected Efficiency Gain: 97.3%
[2025-10-01 21:00:18] Acquired execution lock (PID: 9713)
[2025-10-01 21:00:18] Starting prelaunch validation
[2025-10-01 21:00:18] ✅ Prelaunch validation passed
[2025-10-01 21:00:18] Starting parallel execution
[2025-10-01 21:00:18] ❌ Execution failed
[2025-10-01 21:00:18] Cleaning up background execution
[2025-10-01 21:00:18] Released execution lock
[2025-10-01 21:01:56] 🚀 Starting Live Dashboard Engagement System background execution
[2025-10-01 21:01:56] Specification: live-dashboard-engagement-system
[2025-10-01 21:01:56] Total Tasks: 50
[2025-10-01 21:01:56] Estimated Time: 4.0 hours
[2025-10-01 21:01:56] Expected Efficiency Gain: 97.3%
[2025-10-01 21:01:56] Acquired execution lock (PID: 10289)
[2025-10-01 21:01:56] Starting prelaunch validation
[2025-10-01 21:01:56] ✅ Prelaunch validation passed
[2025-10-01 21:01:56] Starting parallel execution
[2025-10-01 21:01:56] ❌ Execution failed
[2025-10-01 21:01:56] Cleaning up background execution
[2025-10-01 21:01:56] Released execution lock
[2025-10-01 22:24:09] 🚀 Starting Live Dashboard Engagement System background execution
[2025-10-01 22:24:09] Specification: live-dashboard-engagement-system
[2025-10-01 22:24:09] Total Tasks: 95
[2025-10-01 22:24:09] Estimated Time: 4.0 hours
[2025-10-01 22:24:09] Expected Efficiency Gain: 98.4%
[2025-10-01 22:24:09] Acquired execution lock (PID: 38073)
[2025-10-01 22:24:09] Starting prelaunch validation
[2025-10-01 22:24:09] ✅ Prelaunch validation passed
[2025-10-01 22:24:09] Starting parallel execution
[2025-10-01 22:24:09] ❌ Execution failed
[2025-10-01 22:24:09] Cleaning up background execution
[2025-10-01 22:24:09] Released execution lock
[2025-10-01 22:25:31] 🚀 Starting Live Dashboard Engagement System background execution
[2025-10-01 22:25:31] Specification: live-dashboard-engagement-system
[2025-10-01 22:25:31] Total Tasks: 95
[2025-10-01 22:25:31] Estimated Time: 4.0 hours
[2025-10-01 22:25:31] Expected Efficiency Gain: 98.4%
[2025-10-01 22:25:31] Acquired execution lock (PID: 39127)
[2025-10-01 22:25:31] Starting prelaunch validation
[2025-10-01 22:25:32] ✅ Prelaunch validation passed
[2025-10-01 22:25:32] Starting parallel execution
[2025-10-01 22:25:32] ❌ Execution failed
[2025-10-01 22:25:32] Cleaning up background execution
[2025-10-01 22:25:32] Released execution lock
[2025-10-02 06:08:36] 🚀 Starting Live Dashboard Engagement System background execution
[2025-10-02 06:08:36] Specification: live-dashboard-engagement-system
[2025-10-02 06:08:36] Total Tasks: 105
[2025-10-02 06:08:36] Estimated Time: 4.0 hours
[2025-10-02 06:08:36] Expected Efficiency Gain: 98.5%
[2025-10-02 06:08:36] Acquired execution lock (PID: 95974)
[2025-10-02 06:08:36] Starting prelaunch validation
[2025-10-02 06:08:36] ✅ Prelaunch validation passed
[2025-10-02 06:08:36] Starting parallel execution
[2025-10-02 06:08:36] ❌ Execution failed
[2025-10-02 06:08:36] Cleaning up background execution
[2025-10-02 06:08:36] Released execution lock
[2025-10-02 06:11:37] 🚀 Starting Live Dashboard Engagement System background execution
[2025-10-02 06:11:37] Specification: live-dashboard-engagement-system
[2025-10-02 06:11:37] Total Tasks: 105
[2025-10-02 06:11:37] Estimated Time: 4.0 hours
[2025-10-02 06:11:37] Expected Efficiency Gain: 98.5%
[2025-10-02 06:11:37] Acquired execution lock (PID: 97666)
[2025-10-02 06:11:37] Starting prelaunch validation
[2025-10-02 06:11:37] ✅ Prelaunch validation passed
[2025-10-02 06:11:37] Starting parallel execution
[2025-10-02 06:11:37] ❌ Execution failed
[2025-10-02 06:11:37] Cleaning up background execution
[2025-10-02 06:11:37] Released execution lock
[2025-10-02 06:12:42] 🚀 Starting Live Dashboard Engagement System background execution
[2025-10-02 06:12:42] Specification: live-dashboard-engagement-system
[2025-10-02 06:12:42] Total Tasks: 105
[2025-10-02 06:12:42] Estimated Time: 4.0 hours
[2025-10-02 06:12:42] Expected Efficiency Gain: 98.5%
[2025-10-02 06:12:42] Acquired execution lock (PID: 98146)
[2025-10-02 06:12:42] Starting prelaunch validation
[2025-10-02 06:12:42] ✅ Prelaunch validation passed
[2025-10-02 06:12:42] Starting parallel execution
[2025-10-02 06:12:42] ❌ Execution failed
[2025-10-02 06:12:42] Cleaning up background execution
[2025-10-02 06:12:42] Released execution lock
[2025-10-02 06:12:53] Cleaning up background execution
[2025-10-02 06:18:52] 🚀 Starting Live Dashboard Engagement System background execution
[2025-10-02 06:18:52] Specification: live-dashboard-engagement-system
[2025-10-02 06:18:52] Total Tasks: 105
[2025-10-02 06:18:52] Estimated Time: 4.0 hours
[2025-10-02 06:18:52] Expected Efficiency Gain: 98.5%
[2025-10-02 06:18:52] Acquired execution lock (PID: 832)
[2025-10-02 06:18:52] Starting prelaunch validation
[2025-10-02 06:18:53] ✅ Prelaunch validation passed
[2025-10-02 06:18:53] Starting parallel execution
[2025-10-02 06:18:53] ❌ Execution failed
[2025-10-02 06:18:53] Cleaning up background execution
[2025-10-02 06:18:53] Released execution lock
[2025-10-02 06:21:48] 🚀 Starting Live Dashboard Engagement System background execution
[2025-10-02 06:21:48] Specification: live-dashboard-engagement-system
[2025-10-02 06:21:48] Total Tasks: 105
[2025-10-02 06:21:48] Estimated Time: 4.0 hours
[2025-10-02 06:21:48] Expected Efficiency Gain: 98.5%
[2025-10-02 06:21:48] Acquired execution lock (PID: 2214)
[2025-10-02 06:21:48] Starting prelaunch validation
[2025-10-02 06:21:48] ✅ Prelaunch validation passed
[2025-10-02 06:21:48] Starting parallel execution
[2025-10-02 06:21:48] ❌ Execution failed
[2025-10-02 06:21:48] Cleaning up background execution
[2025-10-02 06:21:48] Released execution lock
[2025-10-02 06:22:40] 🚀 Starting Live Dashboard Engagement System background execution
[2025-10-02 06:22:40] Specification: live-dashboard-engagement-system
[2025-10-02 06:22:40] Total Tasks: 105
[2025-10-02 06:22:40] Estimated Time: 4.0 hours
[2025-10-02 06:22:40] Expected Efficiency Gain: 98.5%
[2025-10-02 06:22:40] Acquired execution lock (PID: 2866)
[2025-10-02 06:22:40] Starting prelaunch validation
[2025-10-02 06:22:40] ✅ Prelaunch validation passed
[2025-10-02 06:22:40] Starting parallel execution
[2025-10-02 06:22:40] ✅ Execution completed successfully
[2025-10-02 06:22:40] 🎉 Background execution completed successfully
[2025-10-02 06:22:40] Released execution lock
[2025-10-02 06:22:40] Cleaning up background execution
[2025-10-02 06:32:31] 🚀 Starting Live Dashboard Engagement System background execution
[2025-10-02 06:32:31] Specification: live-dashboard-engagement-system
[2025-10-02 06:32:31] Total Tasks: 105
[2025-10-02 06:32:31] Estimated Time: 4.0 hours
[2025-10-02 06:32:31] Expected Efficiency Gain: 98.5%
[2025-10-02 06:32:31] Acquired execution lock (PID: 18293)
[2025-10-02 06:32:31] Starting prelaunch validation
[2025-10-02 06:32:31] ✅ Prelaunch validation passed
[2025-10-02 06:32:31] Starting parallel execution
[2025-10-02 06:32:31] ✅ Execution completed successfully
[2025-10-02 06:32:31] 🎉 Background execution completed successfully
[2025-10-02 06:32:31] Released execution lock
[2025-10-02 06:32:31] Cleaning up background execution
[2025-10-02 09:24:02] 🚀 Starting Live Dashboard Engagement System background execution
[2025-10-02 09:24:02] Specification: live-dashboard-engagement-system
[2025-10-02 09:24:02] Total Tasks: 109
[2025-10-02 09:24:02] Estimated Time: 4.0 hours
[2025-10-02 09:24:02] Expected Efficiency Gain: 98.6%
[2025-10-02 09:24:02] Acquired execution lock (PID: 73332)
[2025-10-02 09:24:02] Starting prelaunch validation
[2025-10-02 09:24:03] ✅ Prelaunch validation passed
[2025-10-02 09:24:03] Starting parallel execution
[2025-10-02 09:24:03] ✅ Execution completed successfully
[2025-10-02 09:24:03] 🎉 Background execution completed successfully
[2025-10-02 09:24:03] Released execution lock
[2025-10-02 09:24:03] Cleaning up background execution
[2025-10-02 09:24:09] Cleaning up background execution
[2025-10-02 09:24:17] Cleaning up background execution
[2025-10-02 09:35:43] 🚀 Starting Live Dashboard Engagement System background execution
[2025-10-02 09:35:43] Specification: live-dashboard-engagement-system
[2025-10-02 09:35:43] Total Tasks: 109
[2025-10-02 09:35:43] Estimated Time: 4.0 hours
[2025-10-02 09:35:43] Expected Efficiency Gain: 98.6%
[2025-10-02 09:35:43] Acquired execution lock (PID: 76489)
[2025-10-02 09:35:43] Starting prelaunch validation
[2025-10-02 09:35:43] ✅ Prelaunch validation passed
[2025-10-02 09:35:43] Starting parallel execution
[2025-10-02 09:35:44] ❌ Execution failed
[2025-10-02 09:35:44] Cleaning up background execution
[2025-10-02 09:35:44] Released execution lock
[2025-10-02 09:36:41] 🚀 Starting Live Dashboard Engagement System background execution
[2025-10-02 09:36:41] Specification: live-dashboard-engagement-system
[2025-10-02 09:36:41] Total Tasks: 109
[2025-10-02 09:36:41] Estimated Time: 4.0 hours
[2025-10-02 09:36:41] Expected Efficiency Gain: 98.6%
[2025-10-02 09:36:41] Acquired execution lock (PID: 76985)
[2025-10-02 09:36:41] Starting prelaunch validation
[2025-10-02 09:36:42] ✅ Prelaunch validation passed
[2025-10-02 09:36:42] Starting parallel execution
[2025-10-02 09:36:42] ✅ Execution completed successfully
[2025-10-02 09:36:42] 🎉 Background execution completed successfully
[2025-10-02 09:36:42] Released execution lock
[2025-10-02 09:36:42] Cleaning up background execution
