## ✅ Phase 1d3 Complete: Ontology Analysis Batch 3

### Deliverables Created

1. **`.kiro/reports/ontology-analysis-batch3.json`** (346KB)
   - Complete analysis of all 107 specs across dimensions 13-18
   - Evidence-based scoring with quotes from spec files
   - Gap identification for each dimension

2. **`.kiro/reports/dimension-gaps-batch3.md`** (4.7KB)
   - Executive summary and recommendations
   - Detailed gap analysis by dimension
   - Specs needing immediate attention

### Key Findings

**Dimension Scores:**
- **Testing Strategy (13):** 2.44/3.0 - Good
- **Documentation Requirements (14):** **1.36/3.0 - CRITICAL GAP** ⚠️
- **Monitoring & Observability (15):** 2.68/3.0 - Excellent
- **Recovery Mechanisms (16):** 2.44/3.0 - Good
- **Optimization Opportunities (17):** 2.60/3.0 - Excellent
- **Integration Patterns (18):** **2.83/3.0 - Best in Class** ⭐

**Overall Maturity:** 73% of specs at high maturity level (>= 2.5/3.0)

**Critical Issue:** Documentation requirements severely lacking - only 5% of specs have comprehensive docs requirements. This poses maintainability and onboarding risks.

**Strength:** Integration patterns are exceptional (2.83/3.0), demonstrating strong architectural thinking and API-first design.
