## Phase 1c3: CMS Capability Analysis - COMPLETE ✅

Successfully analyzed CMS capabilities across all specs and generated comprehensive reports.

### Deliverables Created

**1. cms-capability-matrix.json (1.2K)**
- 9 capability categories with complexity ratings
- Priority classifications (CRITICAL, HIGH, MEDIUM)
- Specs requiring count for each capability

**Key Capabilities:**
- REST API: 13 specs, medium complexity, CRITICAL
- GraphQL API: 10 specs, medium-high complexity, HIGH  
- Real-time Subscriptions: 8 specs, high complexity, HIGH
- Lifecycle Hooks: 11 specs, medium-high complexity, HIGH
- Custom Permissions: 11 specs, high complexity, HIGH
- Data Validation: 13 specs, medium-high complexity, CRITICAL
- External API Integration: 9 specs, high complexity, HIGH
- Batch Operations: 7 specs, medium complexity, HIGH
- Webhooks: 6 specs, low-medium complexity, MEDIUM

**2. cms-capability-requirements.yaml (5.9K)**
- Detailed requirements for 4 critical specs
- API requirements (REST, GraphQL, real-time, batch)
- Workflow requirements (validations, hooks, automations)
- Permission requirements (roles, field-level, custom logic)
- Integration requirements (webhooks, external APIs)

**Summary Metrics:**
- 100+ REST endpoints
- 20 GraphQL queries + 12 mutations
- 15 real-time collections
- 50+ lifecycle hooks
- 15 roles
- 20 external integrations

**3. 4-Phase Implementation Roadmap**
- Phase 1: Foundation (2-4 weeks) - REST API, validation, basic RBAC
- Phase 2: Advanced (4-8 weeks) - GraphQL, batch ops, hooks, webhooks
- Phase 3: Real-time (4-6 weeks) - WebSocket, advanced permissions
- Phase 4: Intelligence (6-8 weeks) - External APIs, bidirectional sync

### Analysis Highlights

**Most Complex Capabilities:**
- Real-time Subscriptions (WebSocket management)
- Custom Permissions (15 roles, field-level control)
- External API Integration (20+ services)

**Critical Dependencies:**
- REST API and Data Validation are foundational (13 specs each)
- Lifecycle Hooks essential for automation (50+ hooks identified)
- Real-time needed for Observatory and DAG orchestration

**Duration:** 65 minutes (within 60-75 min target)

**Next Phase:** Phase 5a - CMS Consolidation (enabled by these capability requirements)
