mode: atomic
github.com/your-org/packer-systo-go/pkg/bridge/ffi.go:52.14,58.2 1 0
github.com/your-org/packer-systo-go/pkg/bridge/ffi.go:61.70,64.16 2 0
github.com/your-org/packer-systo-go/pkg/bridge/ffi.go:64.16,71.3 6 0
github.com/your-org/packer-systo-go/pkg/bridge/ffi.go:73.2,74.20 2 0
github.com/your-org/packer-systo-go/pkg/bridge/ffi.go:74.20,81.3 6 0
github.com/your-org/packer-systo-go/pkg/bridge/ffi.go:83.2,88.15 5 0
github.com/your-org/packer-systo-go/pkg/bridge/ffi.go:92.74,96.2 3 0
github.com/your-org/packer-systo-go/pkg/bridge/ffi.go:99.64,103.16 3 0
github.com/your-org/packer-systo-go/pkg/bridge/ffi.go:103.16,105.3 1 0
github.com/your-org/packer-systo-go/pkg/bridge/ffi.go:109.2,110.39 2 0
github.com/your-org/packer-systo-go/pkg/bridge/ffi.go:110.39,112.3 1 0
github.com/your-org/packer-systo-go/pkg/bridge/ffi.go:114.2,117.40 3 0
github.com/your-org/packer-systo-go/pkg/bridge/ffi.go:121.58,125.39 3 0
github.com/your-org/packer-systo-go/pkg/bridge/ffi.go:125.39,127.3 1 0
github.com/your-org/packer-systo-go/pkg/bridge/ffi.go:129.2,132.42 3 0
github.com/your-org/packer-systo-go/pkg/bridge/ffi.go:136.77,141.16 4 0
github.com/your-org/packer-systo-go/pkg/bridge/ffi.go:141.16,143.3 1 0
github.com/your-org/packer-systo-go/pkg/bridge/ffi.go:145.2,146.37 2 0
github.com/your-org/packer-systo-go/pkg/bridge/ffi.go:146.37,148.3 1 0
github.com/your-org/packer-systo-go/pkg/bridge/ffi.go:150.2,153.43 3 0
github.com/your-org/packer-systo-go/pkg/bridge/ffi.go:157.65,161.16 3 0
github.com/your-org/packer-systo-go/pkg/bridge/ffi.go:161.16,163.3 1 0
github.com/your-org/packer-systo-go/pkg/bridge/ffi.go:165.2,166.38 2 0
github.com/your-org/packer-systo-go/pkg/bridge/ffi.go:166.38,168.3 1 0
github.com/your-org/packer-systo-go/pkg/bridge/ffi.go:170.2,173.40 3 0
github.com/your-org/packer-systo-go/pkg/bridge/ffi.go:177.42,178.19 1 0
github.com/your-org/packer-systo-go/pkg/bridge/ffi.go:178.19,181.3 2 0
github.com/your-org/packer-systo-go/pkg/bridge/ffi.go:188.41,190.2 1 0
github.com/your-org/packer-systo-go/pkg/bridge/ffi.go:193.38,195.2 1 0
github.com/your-org/packer-systo-go/pkg/bridge/ffi.go:207.60,212.16 4 0
github.com/your-org/packer-systo-go/pkg/bridge/ffi.go:212.16,214.3 1 0
github.com/your-org/packer-systo-go/pkg/bridge/ffi.go:219.2,225.40 2 0
github.com/your-org/packer-systo-go/pkg/bridge/ffi.go:230.40,240.2 2 0
github.com/your-org/packer-systo-go/pkg/bridge/ffi.go:242.14,244.2 0 0
github.com/your-org/packer-systo-go/cmd/packer-systo/main.go:44.60,46.3 1 0
github.com/your-org/packer-systo-go/cmd/packer-systo/main.go:53.47,57.3 3 0
github.com/your-org/packer-systo-go/cmd/packer-systo/main.go:74.54,92.3 11 0
github.com/your-org/packer-systo-go/cmd/packer-systo/main.go:109.54,130.3 14 0
github.com/your-org/packer-systo-go/cmd/packer-systo/main.go:148.54,167.3 12 0
github.com/your-org/packer-systo-go/cmd/packer-systo/main.go:185.54,205.3 13 0
github.com/your-org/packer-systo-go/cmd/packer-systo/main.go:209.19,210.19 1 0
github.com/your-org/packer-systo-go/cmd/packer-systo/main.go:210.19,213.3 1 0
github.com/your-org/packer-systo-go/cmd/packer-systo/main.go:213.8,223.3 6 0
github.com/your-org/packer-systo-go/cmd/packer-systo/main.go:225.2,228.45 2 0
github.com/your-org/packer-systo-go/cmd/packer-systo/main.go:228.45,230.3 1 0
github.com/your-org/packer-systo-go/cmd/packer-systo/main.go:234.19,237.11 2 0
github.com/your-org/packer-systo-go/cmd/packer-systo/main.go:237.11,240.3 2 0
github.com/your-org/packer-systo-go/cmd/packer-systo/main.go:240.8,240.20 1 0
github.com/your-org/packer-systo-go/cmd/packer-systo/main.go:240.20,243.3 2 0
github.com/your-org/packer-systo-go/cmd/packer-systo/main.go:243.8,246.3 2 0
github.com/your-org/packer-systo-go/cmd/packer-systo/main.go:249.2,255.16 6 0
github.com/your-org/packer-systo-go/cmd/packer-systo/main.go:255.16,258.3 2 0
github.com/your-org/packer-systo-go/cmd/packer-systo/main.go:261.13,275.2 9 0
github.com/your-org/packer-systo-go/cmd/packer-systo/main.go:277.13,281.52 2 0
github.com/your-org/packer-systo-go/cmd/packer-systo/main.go:281.52,282.20 1 0
github.com/your-org/packer-systo-go/cmd/packer-systo/main.go:282.20,284.4 1 0
github.com/your-org/packer-systo-go/cmd/packer-systo/main.go:284.9,286.4 1 0
github.com/your-org/packer-systo-go/cmd/packer-systo/main.go:287.3,287.13 1 0
